mvn : Mockito is currently self-attaching to enable the inline-mock-maker. This will no longer work in future releases 
of the JDK. Please add Mockito as an agent to your build what is described in Mockito's documentation: 
https://javadoc.io/doc/org.mockito/mockito-core/latest/org/mockito/Mockito.html#0.3
Au caractère Ligne:1 : 36
+ ... :\Users\bapti\Downloads\p2p"; mvn test -q 2>&1 > test-log.txt; if ($L ...
+                                   ~~~~~~~~~~~~~~~~~~~~~~~~~~~~~~~
    + CategoryInfo          : NotSpecified: (Mockito is curr...ockito.html#0.3:String) [], RemoteException
    + FullyQualifiedErrorId : NativeCommandError
 
WARNING: A Java agent has been loaded dynamically 
(C:\Users\bapti\.m2\repository\net\bytebuddy\byte-buddy-agent\1.15.11\byte-buddy-agent-1.15.11.jar)
WARNING: If a serviceability tool is in use, please run with -XX:+EnableDynamicAgentLoading to hide this warning
WARNING: If a serviceability tool is not in use, please run with -Djdk.instrument.traceUsage for more information
WARNING: Dynamic loading of agents will be disallowed by default in a future release
Java HotSpot(TM) 64-Bit Server VM warning: Sharing is only supported for boot loader classes because bootstrap 
classpath has been appended
[ERROR] Tests run: 2, Failures: 1, Errors: 0, Skipped: 0, Time elapsed: 0.997 s <<< FAILURE! -- in com.finovago.p2p.config.ResponseTimeFilterTest
[ERROR] com.finovago.p2p.config.ResponseTimeFilterTest.testResponseTimeMeasurement -- Time elapsed: 0.977 s <<< FAILURE!
org.opentest4j.AssertionFailedError: Duration should be at least 50ms (plus overhead) ==> expected: <true> but was: <false>
	at org.junit.jupiter.api.AssertionFailureBuilder.build(AssertionFailureBuilder.java:151)
	at org.junit.jupiter.api.AssertionFailureBuilder.buildAndThrow(AssertionFailureBuilder.java:132)
	at org.junit.jupiter.api.AssertTrue.failNotTrue(AssertTrue.java:63)
	at org.junit.jupiter.api.AssertTrue.assertTrue(AssertTrue.java:36)
	at org.junit.jupiter.api.Assertions.assertTrue(Assertions.java:214)
	at com.finovago.p2p.config.ResponseTimeFilterTest.testResponseTimeMeasurement(ResponseTimeFilterTest.java:74)
	at java.base/java.lang.reflect.Method.invoke(Method.java:580)
	at java.base/java.util.ArrayList.forEach(ArrayList.java:1596)
	at java.base/java.util.ArrayList.forEach(ArrayList.java:1596)

19:11:45.617 [main] WARN com.finovago.p2p.service.AuthService -- Registration failed - email already exists: existing@example.com
19:11:45.639 [main] WARN com.finovago.p2p.service.AuthService -- Login failed - user not found for email
19:11:45.644 [main] WARN com.finovago.p2p.service.AuthService -- Login failed - invalid password for user: client@example.com
19:11:45.654 [main] INFO com.finovago.p2p.service.AuthService -- Token rotation successful for user: client@example.com
19:11:45.660 [main] INFO com.finovago.p2p.service.AuthService -- User registered successfully: newuser@example.com (role: CLIENT)
19:11:45.667 [main] INFO com.finovago.p2p.service.AuthService -- Logout successful - refresh token revoked
19:11:45.672 [main] INFO com.finovago.p2p.service.AuthService -- Tokens issued for user: client@example.com (role: CLIENT)
19:11:45.726 [main] INFO com.finovago.p2p.service.GiftCardService -- Processing database validation for card code: VALID123
19:11:45.727 [main] INFO com.finovago.p2p.service.GiftCardService -- Redemption done in 1ms. Remaining balance: 70.0
19:11:45.732 [main] INFO com.finovago.p2p.service.GiftCardService -- Processing database validation for card code: EXPIRED123
19:11:45.734 [main] INFO com.finovago.p2p.service.GiftCardService -- Processing database validation for card code: INVALID_CODE
19:11:45.737 [main] INFO com.finovago.p2p.service.GiftCardService -- Processing database validation for card code: null
19:11:45.737 [main] INFO com.finovago.p2p.service.GiftCardService -- Processing database validation for card code: 
19:11:45.739 [main] INFO com.finovago.p2p.service.GiftCardService -- Processing database validation for card code: VALID456
19:11:45.739 [main] INFO com.finovago.p2p.service.GiftCardService -- Redemption done in 0ms. Remaining balance: 0.0
19:11:45.743 [main] INFO com.finovago.p2p.service.GiftCardService -- Administrative Event: Gift card [DEFAULT_DATE] successfully registered into database vault.
19:11:45.747 [main] INFO com.finovago.p2p.service.GiftCardService -- Processing database validation for card code: ABC123
19:11:45.751 [main] INFO com.finovago.p2p.service.GiftCardService -- Processing database validation for card code: VALID_CODE
19:11:45.751 [main] INFO com.finovago.p2p.service.GiftCardService -- Processing database validation for card code: VALID_CODE
19:11:46.122 [main] WARN com.finovago.p2p.service.RefreshTokenService -- Token rotation failed - token hash not found (possible invalid token)
19:11:46.125 [main] WARN com.finovago.p2p.service.RefreshTokenService -- Token rotation failed - token already revoked (possible replay attack)
19:11:46.131 [main] INFO com.finovago.p2p.service.RefreshTokenService -- Token rotation completed for user: client@example.com
19:11:46.136 [main] WARN com.finovago.p2p.service.RefreshTokenService -- Token rotation failed - token expired
[ERROR] Failures: 
[ERROR]   ResponseTimeFilterTest.testResponseTimeMeasurement:74 Duration should be at least 50ms (plus overhead) ==> expected: <true> but was: <false>
[ERROR] Tests run: 37, Failures: 1, Errors: 0, Skipped: 0
[ERROR] Failed to execute goal org.apache.maven.plugins:maven-surefire-plugin:3.5.2:test (default-test) on project p2p: There are test failures.
[ERROR] 
[ERROR] See C:\Users\bapti\Downloads\p2p\target\surefire-reports for the individual test results.
[ERROR] See dump files (if any exist) [date].dump, [date]-jvmRun[N].dump and [date].dumpstream.
[ERROR] -> [Help 1]
[ERROR] 
[ERROR] To see the full stack trace of the errors, re-run Maven with the -e switch.
[ERROR] Re-run Maven using the -X switch to enable full debug logging.
[ERROR] 
[ERROR] For more information about the errors and possible solutions, please read the following articles:
[ERROR] [Help 1] http://cwiki.apache.org/confluence/display/MAVEN/MojoFailureException
